Version: 4
Detached file: a.txt
a file is not needed