0: GVT initialized.
1: Added file: a.txt
2: Added file: b.txt
3: Committed file: b.txt
4: Detached file: a.txt
