country,value
MIAMI DADE COUNTY,2882965581.64
BROWARD COUNTY,1578082896.54
HILLSBOROUGH COUNTY,1527164673.79
PALM BEACH COUNTY,1408934392.13
DUVAL COUNTY,1126022307.03
ORANGE COUNTY,616096089.04
PINELLAS COUNTY,507638763.66
POLK COUNTY,456782521.59
PASCO COUNTY,367787800.71
COLLIER COUNTY,350520648.35